public/redux/api/axiosBaseQuery.ts(1,8): error TS6133: 'axios' is declared but its value is never read.
src/Components/Head Components/components/dialogs/LoginDialog.tsx(27,33): error TS2322: Type '{ children: Element; open: boolean; setOpen: (v: boolean) => void; }' is not assignable to type 'IntrinsicAttributes & ReusableDialogProps'.
  Property 'setOpen' does not exist on type 'IntrinsicAttributes & ReusableDialogProps'.
src/Components/Head Components/hooks/useListings.tsx(6,29): error TS6133: 'initialFilters' is declared but its value is never read.
src/Components/Main Components/Routed Pages/BookingStatus.tsx(8,10): error TS6133: 'status' is declared but its value is never read.
src/Components/Main Components/Routed Pages/EditListings.tsx(1,1): error TS6133: 'React' is declared but its value is never read.
src/Components/Main Components/Routed Pages/ListingEdits/ListingPatch.tsx(7,32): error TS6196: 'ListingUpdatePayload' is declared but never used.
src/Components/Main Components/Routed Pages/ListingEdits/ListingPatch.tsx(114,37): error TS6133: 'watch' is declared but its value is never read.
src/Components/Main Components/Routed Pages/ListingEdits/ListingPatch.tsx(152,37): error TS6133: 'watch' is declared but its value is never read.
src/Components/Main Components/Routed Pages/ListingEdits/ListingPatch.tsx(223,37): error TS6133: 'watch' is declared but its value is never read.
src/Components/Main Components/Routed Pages/ListingEdits/ListingPatch.tsx(263,37): error TS6133: 'watch' is declared but its value is never read.
src/Components/Main Components/Routed Pages/ListingEdits/ListingPatch.tsx(298,37): error TS6133: 'watch' is declared but its value is never read.
src/Components/Main Components/Routed Pages/ListingEdits/ListingPatch.tsx(316,37): error TS6133: 'watch' is declared but its value is never read.
src/Components/Main Components/Routed Pages/ListingEdits/ListingPatch.tsx(334,37): error TS6133: 'watch' is declared but its value is never read.
src/Components/Review Components/ReviewSlider.tsx(4,8): error TS2307: Cannot find module 'swiper/css' or its corresponding type declarations.
src/Components/Review Components/ReviewSlider.tsx(5,8): error TS2307: Cannot find module 'swiper/css/navigation' or its corresponding type declarations.
src/Components/Review Components/ReviewSlider.tsx(6,8): error TS2307: Cannot find module 'swiper/css/pagination' or its corresponding type declarations.
src/Components/Review Components/ReviewSlider.tsx(7,8): error TS2307: Cannot find module 'swiper/css/scrollbar' or its corresponding type declarations.
